[shop.bkash.com/atomic-store01724538307/pay/bdt1/JzDgKd.html]
[backblue.gif]
[fade.gif]
[index.html]
[cdn.jsdelivr.net/npm/@mdi/font@4.x/css/materialdesignicons.min.css]
[shop.bkash.com/chunk-2c5219ce.e8d3c7953e94e493fd8b.js]
[shop.bkash.com/chunk-3295c7cc.e8d3c7953e94e493fd8b.js]
[shop.bkash.com/chunk-5e82d468.e8d3c7953e94e493fd8b.js]
[shop.bkash.com/chunk-6073062f.e8d3c7953e94e493fd8b.js]
[shop.bkash.com/chunk-5ffb7c5a.e8d3c7953e94e493fd8b.js]
[shop.bkash.com/chunk-6a1dd466.e8d3c7953e94e493fd8b.js]
[shop.bkash.com/chunk-987618d4.e8d3c7953e94e493fd8b.js]
[shop.bkash.com/chunk-bc3e2fc8.e8d3c7953e94e493fd8b.js]
[shop.bkash.com/css/chunk-2c5219ce.f803e2ba.css]
[shop.bkash.com/css/chunk-3295c7cc.2a354e6f.css]
[shop.bkash.com/css/chunk-5e82d468.54c8da8f.css]
[shop.bkash.com/css/chunk-6073062f.425882e2.css]
[shop.bkash.com/css/chunk-6a1dd466.9fe1a031.css]
[shop.bkash.com/css/chunk-987618d4.1651ec7f.css]
[shop.bkash.com/css/chunk-bc3e2fc8.8c78f7e2.css]
[shop.bkash.com/css/chunk-vendors.daab0ff0.css]
[shop.bkash.com/css/index.997fb95a.css]
[shop.bkash.com/atomic-store01724538307/pay/bdt1/JzDgKd.html]
[cdn.jsdelivr.net/npm/@mdi/font@4.x/css/materialdesignicons.min.css]
[shop.bkash.com/css/chunk-2c5219ce.f803e2ba.css]
[shop.bkash.com/css/chunk-3295c7cc.2a354e6f.css]
[shop.bkash.com/css/chunk-5e82d468.54c8da8f.css]
[shop.bkash.com/css/chunk-6073062f.425882e2.css]
[shop.bkash.com/css/chunk-6a1dd466.9fe1a031.css]
[shop.bkash.com/css/chunk-987618d4.1651ec7f.css]
[shop.bkash.com/css/chunk-bc3e2fc8.8c78f7e2.css]
[shop.bkash.com/index.e8d3c7953e94e493fd8b.js]
[shop.bkash.com/chunk-vendors.e8d3c7953e94e493fd8b.js]
[shop.bkash.com/css/chunk-vendors.daab0ff0.css]
[shop.bkash.com/css/index.997fb95a.css]
